MPLINK 5.09, LINKER
Linker Map File - Created Wed Nov 24 11:16:09 2021

                                 Section Info
                  Section       Type    Address   Location Size(Bytes)
                ---------  ---------  ---------  ---------  ---------
                 RES_VECT       code   0x000000    program   0x000004
                   .cinit    romdata   0x000004    program   0x000002
                    ISRHV       code   0x000008    program   0x000004
                MAIN_PROG       code   0x00000c    program   0x00003e
                     ISRH       code   0x00004a    program   0x000024
                    dbgP0       code   0x007dc0    program   0x000240
.config_300001_BUILD/DEFAULT/DEBUG/EXO8.O    romdata   0x300001    program   0x000001
.config_300002_BUILD/DEFAULT/DEBUG/EXO8.O    romdata   0x300002    program   0x000001
.config_300003_BUILD/DEFAULT/DEBUG/EXO8.O    romdata   0x300003    program   0x000001
.config_300005_BUILD/DEFAULT/DEBUG/EXO8.O    romdata   0x300005    program   0x000001
.config_300006_BUILD/DEFAULT/DEBUG/EXO8.O    romdata   0x300006    program   0x000001
.config_300008_BUILD/DEFAULT/DEBUG/EXO8.O    romdata   0x300008    program   0x000001
.config_300009_BUILD/DEFAULT/DEBUG/EXO8.O    romdata   0x300009    program   0x000001
.config_30000A_BUILD/DEFAULT/DEBUG/EXO8.O    romdata   0x30000a    program   0x000001
.config_30000B_BUILD/DEFAULT/DEBUG/EXO8.O    romdata   0x30000b    program   0x000001
.config_30000C_BUILD/DEFAULT/DEBUG/EXO8.O    romdata   0x30000c    program   0x000001
.config_30000D_BUILD/DEFAULT/DEBUG/EXO8.O    romdata   0x30000d    program   0x000001
                  GPR_VAR      udata   0x000060       data   0x000001
                    dbgD0      udata   0x0005f4       data   0x00000c



                              Program Memory Usage 
                               Start         End      
                           ---------   ---------      
                            0x000000    0x000005      
                            0x000008    0x00006d      
                            0x007dc0    0x007fff      
                            0x300001    0x300003      
                            0x300005    0x300006      
                            0x300008    0x30000d      
            695 out of 33048 program addresses used, program memory utilization is 2%



                              Symbols - Sorted by Name
                     Name    Address   Location    Storage File                     
                ---------  ---------  ---------  --------- ---------                
                 HIGH_ISR   0x00004a    program     static C:\Users\pierr\Documents\ISEN\CIR3\Electronique\TP\TP1_Elec.X\Exo8.asm
                   START1   0x00000c    program     static C:\Users\pierr\Documents\ISEN\CIR3\Electronique\TP\TP1_Elec.X\Exo8.asm
                    TIMER   0x000038    program     static C:\Users\pierr\Documents\ISEN\CIR3\Electronique\TP\TP1_Elec.X\Exo8.asm
          _MAIN_PROG_0028   0x000034    program     static C:\Users\pierr\Documents\ISEN\CIR3\Electronique\TP\TP1_Elec.X\Exo8.asm
                   boucle   0x000020    program     static C:\Users\pierr\Documents\ISEN\CIR3\Electronique\TP\TP1_Elec.X\Exo8.asm
                  boucle1   0x000042    program     static C:\Users\pierr\Documents\ISEN\CIR3\Electronique\TP\TP1_Elec.X\Exo8.asm
                      fin   0x00006a    program     static C:\Users\pierr\Documents\ISEN\CIR3\Electronique\TP\TP1_Elec.X\Exo8.asm
                       un   0x000062    program     static C:\Users\pierr\Documents\ISEN\CIR3\Electronique\TP\TP1_Elec.X\Exo8.asm
                     zero   0x00005a    program     static C:\Users\pierr\Documents\ISEN\CIR3\Electronique\TP\TP1_Elec.X\Exo8.asm
             marche_arret   0x000060       data     static C:\Users\pierr\Documents\ISEN\CIR3\Electronique\TP\TP1_Elec.X\Exo8.asm



                              Symbols - Sorted by Address
                     Name    Address   Location    Storage File                     
                ---------  ---------  ---------  --------- ---------                
                   START1   0x00000c    program     static C:\Users\pierr\Documents\ISEN\CIR3\Electronique\TP\TP1_Elec.X\Exo8.asm
                   boucle   0x000020    program     static C:\Users\pierr\Documents\ISEN\CIR3\Electronique\TP\TP1_Elec.X\Exo8.asm
          _MAIN_PROG_0028   0x000034    program     static C:\Users\pierr\Documents\ISEN\CIR3\Electronique\TP\TP1_Elec.X\Exo8.asm
                    TIMER   0x000038    program     static C:\Users\pierr\Documents\ISEN\CIR3\Electronique\TP\TP1_Elec.X\Exo8.asm
                  boucle1   0x000042    program     static C:\Users\pierr\Documents\ISEN\CIR3\Electronique\TP\TP1_Elec.X\Exo8.asm
                 HIGH_ISR   0x00004a    program     static C:\Users\pierr\Documents\ISEN\CIR3\Electronique\TP\TP1_Elec.X\Exo8.asm
                     zero   0x00005a    program     static C:\Users\pierr\Documents\ISEN\CIR3\Electronique\TP\TP1_Elec.X\Exo8.asm
                       un   0x000062    program     static C:\Users\pierr\Documents\ISEN\CIR3\Electronique\TP\TP1_Elec.X\Exo8.asm
                      fin   0x00006a    program     static C:\Users\pierr\Documents\ISEN\CIR3\Electronique\TP\TP1_Elec.X\Exo8.asm
             marche_arret   0x000060       data     static C:\Users\pierr\Documents\ISEN\CIR3\Electronique\TP\TP1_Elec.X\Exo8.asm


