MPLINK 5.09, LINKER
Linker Map File - Created Wed Dec 08 09:34:18 2021

                                 Section Info
                  Section       Type    Address   Location Size(Bytes)
                ---------  ---------  ---------  ---------  ---------
                 RES_VECT       code   0x000000    program   0x000004
                   .cinit    romdata   0x000004    program   0x000002
                MAIN_PROG       code   0x000006    program   0x00001a
                    dbgP0       code   0x007dc0    program   0x000240
                  GPR_VAR      udata   0x000060       data   0x000004
                    dbgD0      udata   0x0005f4       data   0x00000c



                              Program Memory Usage 
                               Start         End      
                           ---------   ---------      
                            0x000000    0x00001f      
                            0x007dc0    0x007fff      
            608 out of 33048 program addresses used, program memory utilization is 1%



                              Symbols - Sorted by Name
                     Name    Address   Location    Storage File                     
                ---------  ---------  ---------  --------- ---------                
                   START1   0x000006    program     static C:\Users\Pierre\Documents\ISEN\CIR3\Electronique\TP\TP1_Elec.X\Exo12.asm
                      sum   0x000010    program     static C:\Users\Pierre\Documents\ISEN\CIR3\Electronique\TP\TP1_Elec.X\Exo12.asm
                       I1   0x000062       data     static C:\Users\Pierre\Documents\ISEN\CIR3\Electronique\TP\TP1_Elec.X\Exo12.asm
                      fin   0x000063       data     static C:\Users\Pierre\Documents\ISEN\CIR3\Electronique\TP\TP1_Elec.X\Exo12.asm
               somme_High   0x000060       data     static C:\Users\Pierre\Documents\ISEN\CIR3\Electronique\TP\TP1_Elec.X\Exo12.asm
                somme_Low   0x000061       data     static C:\Users\Pierre\Documents\ISEN\CIR3\Electronique\TP\TP1_Elec.X\Exo12.asm



                              Symbols - Sorted by Address
                     Name    Address   Location    Storage File                     
                ---------  ---------  ---------  --------- ---------                
                   START1   0x000006    program     static C:\Users\Pierre\Documents\ISEN\CIR3\Electronique\TP\TP1_Elec.X\Exo12.asm
                      sum   0x000010    program     static C:\Users\Pierre\Documents\ISEN\CIR3\Electronique\TP\TP1_Elec.X\Exo12.asm
               somme_High   0x000060       data     static C:\Users\Pierre\Documents\ISEN\CIR3\Electronique\TP\TP1_Elec.X\Exo12.asm
                somme_Low   0x000061       data     static C:\Users\Pierre\Documents\ISEN\CIR3\Electronique\TP\TP1_Elec.X\Exo12.asm
                       I1   0x000062       data     static C:\Users\Pierre\Documents\ISEN\CIR3\Electronique\TP\TP1_Elec.X\Exo12.asm
                      fin   0x000063       data     static C:\Users\Pierre\Documents\ISEN\CIR3\Electronique\TP\TP1_Elec.X\Exo12.asm


